// Jest Snapshot v1, https://goo.gl/fbAQLP

exports[`it works 1`] = `
.c0 {
  -webkit-align-self: center;
  -ms-flex-item-align: center;
  align-self: center;
  border: 6px solid #f3f3f3;
  border-top: 6px solid #3498db;
  border-radius: 50%;
  width: 20px;
  height: 20px;
  -webkit-animation: spin 2s linear infinite;
  animation: spin 2s linear infinite;
  align: center;
}

<div
  className="c0"
/>
`;
